ARM Linker, 5.03 [Build 76] [MDK-ARM Professional]

==============================================================================

Section Cross References

    startup.o(STACK) refers (Special) to heapauxi.o(.text) for __use_two_region_memory
    startup.o(HEAP) refers (Special) to heapauxi.o(.text) for __use_two_region_memory
    startup.o(RESET) refers (Special) to heapauxi.o(.text) for __use_two_region_memory
    startup.o(RESET) refers to startup.o(STACK) for StackMem
    startup.o(RESET) refers to player.o(i.PendSV_Handler) for PendSV_Handler
    startup.o(RESET) refers to switch.o(i.GPIOPortB_Handler) for GPIOPortB_Handler
    startup.o(RESET) refers to switch.o(i.GPIOPortC_Handler) for GPIOPortC_Handler
    startup.o(RESET) refers to player.o(i.Timer0A_Handler) for Timer0A_Handler
    startup.o(RESET) refers to player.o(i.Timer1A_Handler) for Timer1A_Handler
    startup.o(RESET) refers to player.o(i.Timer2A_Handler) for Timer2A_Handler
    startup.o(RESET) refers to switch.o(i.GPIOPortF_Handler) for GPIOPortF_Handler
    startup.o(RESET) refers to __main.o(!!!main) for __main
    startup.o(.text) refers (Special) to heapauxi.o(.text) for __use_two_region_memory
    startup.o(.text) refers to startup.o(HEAP) for HeapMem
    startup.o(.text) refers to startup.o(STACK) for StackMem
    main.o(i.main) refers to pll.o(i.PLL_Init) for PLL_Init
    main.o(i.main) refers to startup.o(.text) for DisableInterrupts
    main.o(i.main) refers to player.o(i.Player_Init) for Player_Init
    main.o(i.main) refers to systick.o(i.SysTick_Init) for SysTick_Init
    main.o(i.main) refers to switch.o(i.Switch_Init) for Switch_Init
    main.o(i.main) refers to switch.o(i.Switch_AssignTask) for Switch_AssignTask
    main.o(i.main) refers to systick.o(i.SysTick_Wait10ms) for SysTick_Wait10ms
    main.o(i.main) refers to player.o(i.Player_Restart) for Player_Restart
    main.o(i.main) refers to player.o(i.Player_Pause) for Player_Pause
    main.o(i.main) refers to player.o(i.Player_ChangeVolume) for Player_ChangeVolume
    newmusic.o(i.MakeMusic) refers to newmusic.o(i.freqFinder) for freqFinder
    newmusic.o(i.MakeMusic) refers to newmusic.o(i.durationFinder) for durationFinder
    newmusic.o(i.MakeMusic) refers to fmul.o(x$fpl$fmul) for __aeabi_fmul
    newmusic.o(i.MakeMusic) refers to fdiv.o(x$fpl$fdiv) for __aeabi_fdiv
    newmusic.o(i.MakeMusic) refers to ffix.o(x$fpl$ffix) for __aeabi_f2iz
    newmusic.o(i.MakeMusic) refers to fflt_clz.o(x$fpl$fflt) for __aeabi_i2f
    newmusic.o(i.MakeMusic) refers to f2d.o(x$fpl$f2d) for __aeabi_f2d
    newmusic.o(i.MakeMusic) refers to dmul.o(x$fpl$dmul) for __aeabi_dmul
    newmusic.o(i.MakeMusic) refers to d2f.o(x$fpl$d2f) for __aeabi_d2f
    newmusic.o(i.MakeMusic) refers to newmusic.o(.data) for clk_speed
    newmusic.o(i.Part_Init) refers to newmusic.o(i.MakeMusic) for MakeMusic
    newmusic.o(i.Part_Init) refers to newmusic.o(.data) for SoundWaveResolution
    player.o(i.FindInstrumentArray) refers to player.o(.constdata) for trumpetArray
    player.o(i.PendSV_Handler) refers to dac.o(i.DAC_Out) for DAC_Out
    player.o(i.PendSV_Handler) refers to player.o(.data) for part0_OutValue
    player.o(i.Player_ChangeVolume) refers to player.o(.data) for Volume
    player.o(i.Player_Init) refers to debug.o(i.PortB_Init) for PortB_Init
    player.o(i.Player_Init) refers to dac.o(i.DAC_Init) for DAC_Init
    player.o(i.Player_Init) refers to newmusic.o(i.Part_Init) for Part_Init
    player.o(i.Player_Init) refers to player.o(i.Timer0A_Init) for Timer0A_Init
    player.o(i.Player_Init) refers to player.o(i.Timer1A_Init) for Timer1A_Init
    player.o(i.Player_Init) refers to player.o(i.Timer2A_Init) for Timer2A_Init
    player.o(i.Player_Init) refers to player.o(i.Player_Pause) for Player_Pause
    player.o(i.Player_Init) refers to player.o(.data) for part0_OutValue
    player.o(i.Player_Init) refers to player.o(.bss) for part0
    player.o(i.Player_Init) refers to player.o(.constdata) for Bassoon_Part
    player.o(i.Player_Pause) refers to player.o(.data) for IsPaused
    player.o(i.Player_Restart) refers to startup.o(.text) for DisableInterrupts
    player.o(i.Player_Restart) refers to player.o(.data) for part0_OutValue
    player.o(i.Player_Restart) refers to player.o(.bss) for part0
    player.o(i.Timer0A_Handler) refers to player.o(i.FindInstrumentArray) for FindInstrumentArray
    player.o(i.Timer0A_Handler) refers to player.o(.data) for part0_stepsRemaining
    player.o(i.Timer0A_Handler) refers to player.o(.bss) for part0
    player.o(i.Timer0A_Handler) refers to player.o(.constdata) for FullEnvelopeArray
    player.o(i.Timer0A_Init) refers to startup.o(.text) for StartCritical
    player.o(i.Timer1A_Handler) refers to player.o(i.FindInstrumentArray) for FindInstrumentArray
    player.o(i.Timer1A_Handler) refers to player.o(.data) for part1_stepsRemaining
    player.o(i.Timer1A_Handler) refers to player.o(.bss) for part1
    player.o(i.Timer1A_Handler) refers to player.o(.constdata) for FullEnvelopeArray
    player.o(i.Timer1A_Init) refers to startup.o(.text) for StartCritical
    player.o(i.Timer2A_Handler) refers to player.o(i.FindInstrumentArray) for FindInstrumentArray
    player.o(i.Timer2A_Handler) refers to player.o(.data) for Parts_Ready
    player.o(i.Timer2A_Handler) refers to player.o(.bss) for part2
    player.o(i.Timer2A_Handler) refers to player.o(.constdata) for FullEnvelopeArray
    player.o(i.Timer2A_Init) refers to startup.o(.text) for StartCritical
    switch.o(i.GPIOPortB_Handler) refers to systick.o(i.SysTick_Wait10ms) for SysTick_Wait10ms
    switch.o(i.GPIOPortB_Handler) refers to switch.o(i.GPIOPB3Arm) for GPIOPB3Arm
    switch.o(i.GPIOPortB_Handler) refers to switch.o(.data) for PreviousPB3
    switch.o(i.GPIOPortC_Handler) refers to systick.o(i.SysTick_Wait10ms) for SysTick_Wait10ms
    switch.o(i.GPIOPortC_Handler) refers to switch.o(i.GPIOPC6Arm) for GPIOPC6Arm
    switch.o(i.GPIOPortC_Handler) refers to switch.o(.data) for PreviousPC6
    switch.o(i.GPIOPortF_Handler) refers to systick.o(i.SysTick_Wait10ms) for SysTick_Wait10ms
    switch.o(i.GPIOPortF_Handler) refers to switch.o(i.GPIOPF4Arm) for GPIOPF4Arm
    switch.o(i.GPIOPortF_Handler) refers to switch.o(.data) for PreviousPF4
    switch.o(i.Switch_AssignTask) refers to switch.o(.data) for TouchTaskPB3
    switch.o(i.Switch_Init) refers to switch.o(i.GPIOPB3Arm) for GPIOPB3Arm
    switch.o(i.Switch_Init) refers to switch.o(i.GPIOPC6Arm) for GPIOPC6Arm
    switch.o(i.Switch_Init) refers to switch.o(i.GPIOPF4Arm) for GPIOPF4Arm
    switch.o(i.Switch_Init) refers to switch.o(i.NullTask) for NullTask
    switch.o(i.Switch_Init) refers to switch.o(.data) for TouchTaskPB3
    systick.o(i.SysTick_Wait10ms) refers to systick.o(i.SysTick_Wait) for SysTick_Wait
    __main.o(!!!main) refers to rtentry.o(.ARM.Collect$$rtentry$$00000000) for __rt_entry
    d2f.o(x$fpl$d2f) refers (Special) to usenofp.o(x$fpl$usenofp) for __I$use$fp
    d2f.o(x$fpl$d2f) refers to fretinf.o(x$fpl$fretinf) for __fpl_fretinf
    d2f.o(x$fpl$d2f) refers to dnaninf.o(x$fpl$dnaninf) for __fpl_dnaninf
    dmul.o(x$fpl$dmul) refers (Special) to usenofp.o(x$fpl$usenofp) for __I$use$fp
    dmul.o(x$fpl$dmul) refers to dretinf.o(x$fpl$dretinf) for __fpl_dretinf
    dmul.o(x$fpl$dmul) refers to dnaninf.o(x$fpl$dnaninf) for __fpl_dnaninf
    f2d.o(x$fpl$f2d) refers (Special) to usenofp.o(x$fpl$usenofp) for __I$use$fp
    f2d.o(x$fpl$f2d) refers to fnaninf.o(x$fpl$fnaninf) for __fpl_fnaninf
    f2d.o(x$fpl$f2d) refers to dretinf.o(x$fpl$dretinf) for __fpl_dretinf
    fdiv.o(x$fpl$frdiv) refers (Special) to usenofp.o(x$fpl$usenofp) for __I$use$fp
    fdiv.o(x$fpl$frdiv) refers to fdiv.o(x$fpl$fdiv) for _fdiv1
    fdiv.o(x$fpl$fdiv) refers (Special) to usenofp.o(x$fpl$usenofp) for __I$use$fp
    fdiv.o(x$fpl$fdiv) refers to fretinf.o(x$fpl$fretinf) for __fpl_fretinf
    fdiv.o(x$fpl$fdiv) refers to fnaninf.o(x$fpl$fnaninf) for __fpl_fnaninf
    ffix.o(x$fpl$ffix) refers (Special) to usenofp.o(x$fpl$usenofp) for __I$use$fp
    ffix.o(x$fpl$ffix) refers to fnaninf.o(x$fpl$fnaninf) for __fpl_fnaninf
    ffix.o(x$fpl$ffixr) refers (Special) to usenofp.o(x$fpl$usenofp) for __I$use$fp
    ffix.o(x$fpl$ffixr) refers to fnaninf.o(x$fpl$fnaninf) for __fpl_fnaninf
    fflt_clz.o(x$fpl$ffltu) refers (Special) to usenofp.o(x$fpl$usenofp) for __I$use$fp
    fflt_clz.o(x$fpl$fflt) refers (Special) to usenofp.o(x$fpl$usenofp) for __I$use$fp
    fflt_clz.o(x$fpl$ffltn) refers (Special) to usenofp.o(x$fpl$usenofp) for __I$use$fp
    fmul.o(x$fpl$fmul) refers (Special) to usenofp.o(x$fpl$usenofp) for __I$use$fp
    fmul.o(x$fpl$fmul) refers to fretinf.o(x$fpl$fretinf) for __fpl_fretinf
    fmul.o(x$fpl$fmul) refers to fnaninf.o(x$fpl$fnaninf) for __fpl_fnaninf
    rtentry.o(.ARM.Collect$$rtentry$$00000000) refers (Special) to rtentry2.o(.ARM.Collect$$rtentry$$0000000A) for __rt_entry_li
    rtentry.o(.ARM.Collect$$rtentry$$00000000) refers (Special) to rtentry2.o(.ARM.Collect$$rtentry$$0000000D) for __rt_entry_main
    rtentry.o(.ARM.Collect$$rtentry$$00000000) refers (Special) to rtentry2.o(.ARM.Collect$$rtentry$$0000000C) for __rt_entry_postli_1
    rtentry.o(.ARM.Collect$$rtentry$$00000000) refers (Special) to rtentry2.o(.ARM.Collect$$rtentry$$00000009) for __rt_entry_postsh_1
    rtentry.o(.ARM.Collect$$rtentry$$00000000) refers (Special) to rtentry2.o(.ARM.Collect$$rtentry$$00000002) for __rt_entry_presh_1
    rtentry.o(.ARM.Collect$$rtentry$$00000000) refers (Special) to rtentry4.o(.ARM.Collect$$rtentry$$00000004) for __rt_entry_sh
    dnaninf.o(x$fpl$dnaninf) refers (Special) to usenofp.o(x$fpl$usenofp) for __I$use$fp
    dretinf.o(x$fpl$dretinf) refers (Special) to usenofp.o(x$fpl$usenofp) for __I$use$fp
    fnaninf.o(x$fpl$fnaninf) refers (Special) to usenofp.o(x$fpl$usenofp) for __I$use$fp
    fretinf.o(x$fpl$fretinf) refers (Special) to usenofp.o(x$fpl$usenofp) for __I$use$fp
    rtentry2.o(.ARM.Collect$$rtentry$$00000008) refers to boardinit2.o(.text) for _platform_post_stackheap_init
    rtentry2.o(.ARM.Collect$$rtentry$$0000000A) refers to libinit.o(.ARM.Collect$$libinit$$00000000) for __rt_lib_init
    rtentry2.o(.ARM.Collect$$rtentry$$0000000B) refers to boardinit3.o(.text) for _platform_post_lib_init
    rtentry2.o(.ARM.Collect$$rtentry$$0000000D) refers to main.o(i.main) for main
    rtentry2.o(.ARM.Collect$$rtentry$$0000000D) refers to exit.o(.text) for exit
    rtentry2.o(.ARM.exidx) refers to rtentry2.o(.ARM.Collect$$rtentry$$00000001) for .ARM.Collect$$rtentry$$00000001
    rtentry2.o(.ARM.exidx) refers to rtentry2.o(.ARM.Collect$$rtentry$$00000008) for .ARM.Collect$$rtentry$$00000008
    rtentry2.o(.ARM.exidx) refers to rtentry2.o(.ARM.Collect$$rtentry$$0000000A) for .ARM.Collect$$rtentry$$0000000A
    rtentry2.o(.ARM.exidx) refers to rtentry2.o(.ARM.Collect$$rtentry$$0000000B) for .ARM.Collect$$rtentry$$0000000B
    rtentry2.o(.ARM.exidx) refers to rtentry2.o(.ARM.Collect$$rtentry$$0000000D) for .ARM.Collect$$rtentry$$0000000D
    rtentry4.o(.ARM.Collect$$rtentry$$00000004) refers to sys_stackheap_outer.o(.text) for __user_setup_stackheap
    rtentry4.o(.ARM.exidx) refers to rtentry4.o(.ARM.Collect$$rtentry$$00000004) for .ARM.Collect$$rtentry$$00000004
    sys_stackheap_outer.o(.text) refers to libspace.o(.text) for __user_perproc_libspace
    sys_stackheap_outer.o(.text) refers to startup.o(.text) for __user_initial_stackheap
    exit.o(.text) refers to rtexit.o(.ARM.Collect$$rtexit$$00000000) for __rt_exit
    libinit.o(.ARM.Collect$$libinit$$00000000) refers (Special) to libinit2.o(.ARM.Collect$$libinit$$0000002C) for __rt_lib_init_alloca_1
    libinit.o(.ARM.Collect$$libinit$$00000000) refers (Special) to libinit2.o(.ARM.Collect$$libinit$$0000002A) for __rt_lib_init_argv_1
    libinit.o(.ARM.Collect$$libinit$$00000000) refers (Special) to libinit2.o(.ARM.Collect$$libinit$$00000019) for __rt_lib_init_atexit_1
    libinit.o(.ARM.Collect$$libinit$$00000000) refers (Special) to libinit2.o(.ARM.Collect$$libinit$$0000001F) for __rt_lib_init_clock_1
    libinit.o(.ARM.Collect$$libinit$$00000000) refers (Special) to libinit2.o(.ARM.Collect$$libinit$$00000030) for __rt_lib_init_cpp_1
    libinit.o(.ARM.Collect$$libinit$$00000000) refers (Special) to libinit2.o(.ARM.Collect$$libinit$$0000002E) for __rt_lib_init_exceptions_1
    libinit.o(.ARM.Collect$$libinit$$00000000) refers (Special) to libinit2.o(.ARM.Collect$$libinit$$00000002) for __rt_lib_init_fp_1
    libinit.o(.ARM.Collect$$libinit$$00000000) refers (Special) to libinit2.o(.ARM.Collect$$libinit$$0000001D) for __rt_lib_init_fp_trap_1
    libinit.o(.ARM.Collect$$libinit$$00000000) refers (Special) to libinit2.o(.ARM.Collect$$libinit$$00000021) for __rt_lib_init_getenv_1
    libinit.o(.ARM.Collect$$libinit$$00000000) refers (Special) to libinit2.o(.ARM.Collect$$libinit$$00000008) for __rt_lib_init_heap_1
    libinit.o(.ARM.Collect$$libinit$$00000000) refers (Special) to libinit2.o(.ARM.Collect$$libinit$$0000000F) for __rt_lib_init_lc_collate_1
    libinit.o(.ARM.Collect$$libinit$$00000000) refers (Special) to libinit2.o(.ARM.Collect$$libinit$$00000011) for __rt_lib_init_lc_ctype_1
    libinit.o(.ARM.Collect$$libinit$$00000000) refers (Special) to libinit2.o(.ARM.Collect$$libinit$$00000013) for __rt_lib_init_lc_monetary_1
    libinit.o(.ARM.Collect$$libinit$$00000000) refers (Special) to libinit2.o(.ARM.Collect$$libinit$$00000015) for __rt_lib_init_lc_numeric_1
    libinit.o(.ARM.Collect$$libinit$$00000000) refers (Special) to libinit2.o(.ARM.Collect$$libinit$$00000017) for __rt_lib_init_lc_time_1
    libinit.o(.ARM.Collect$$libinit$$00000000) refers (Special) to libinit2.o(.ARM.Collect$$libinit$$0000000C) for __rt_lib_init_rand_1
    libinit.o(.ARM.Collect$$libinit$$00000000) refers (Special) to libinit2.o(.ARM.Collect$$libinit$$00000031) for __rt_lib_init_return
    libinit.o(.ARM.Collect$$libinit$$00000000) refers (Special) to libinit2.o(.ARM.Collect$$libinit$$0000001B) for __rt_lib_init_signal_1
    libinit.o(.ARM.Collect$$libinit$$00000000) refers (Special) to libinit2.o(.ARM.Collect$$libinit$$00000023) for __rt_lib_init_stdio_1
    libinit.o(.ARM.Collect$$libinit$$00000000) refers (Special) to libinit2.o(.ARM.Collect$$libinit$$0000000A) for __rt_lib_init_user_alloc_1
    libspace.o(.text) refers to libspace.o(.bss) for __libspace_start
    rtexit.o(.ARM.Collect$$rtexit$$00000000) refers (Special) to rtexit2.o(.ARM.Collect$$rtexit$$00000004) for __rt_exit_exit
    rtexit.o(.ARM.Collect$$rtexit$$00000000) refers (Special) to rtexit2.o(.ARM.Collect$$rtexit$$00000003) for __rt_exit_ls
    rtexit.o(.ARM.Collect$$rtexit$$00000000) refers (Special) to rtexit2.o(.ARM.Collect$$rtexit$$00000002) for __rt_exit_prels_1
    rtexit.o(.ARM.exidx) refers (Special) to rtexit2.o(.ARM.Collect$$rtexit$$00000004) for __rt_exit_exit
    rtexit.o(.ARM.exidx) refers (Special) to rtexit2.o(.ARM.Collect$$rtexit$$00000003) for __rt_exit_ls
    rtexit.o(.ARM.exidx) refers (Special) to rtexit2.o(.ARM.Collect$$rtexit$$00000002) for __rt_exit_prels_1
    rtexit.o(.ARM.exidx) refers to rtexit.o(.ARM.Collect$$rtexit$$00000000) for .ARM.Collect$$rtexit$$00000000
    libinit2.o(.ARM.Collect$$libinit$$0000000E) refers to libinit2.o(.ARM.Collect$$libinit$$0000000D) for .ARM.Collect$$libinit$$0000000D
    libinit2.o(.ARM.Collect$$libinit$$00000010) refers to libinit2.o(.ARM.Collect$$libinit$$0000000D) for .ARM.Collect$$libinit$$0000000D
    libinit2.o(.ARM.Collect$$libinit$$00000012) refers to libinit2.o(.ARM.Collect$$libinit$$0000000D) for .ARM.Collect$$libinit$$0000000D
    libinit2.o(.ARM.Collect$$libinit$$00000014) refers to libinit2.o(.ARM.Collect$$libinit$$0000000D) for .ARM.Collect$$libinit$$0000000D
    libinit2.o(.ARM.Collect$$libinit$$00000016) refers to libinit2.o(.ARM.Collect$$libinit$$0000000D) for .ARM.Collect$$libinit$$0000000D
    libinit2.o(.ARM.Collect$$libinit$$00000024) refers to argv_veneer.o(.emb_text) for __ARM_argv_veneer
    libinit2.o(.ARM.Collect$$libinit$$00000025) refers to argv_veneer.o(.emb_text) for __ARM_argv_veneer
    rtexit2.o(.ARM.Collect$$rtexit$$00000003) refers to libshutdown.o(.ARM.Collect$$libshutdown$$00000000) for __rt_lib_shutdown
    rtexit2.o(.ARM.Collect$$rtexit$$00000004) refers to sys_exit.o(.text) for _sys_exit
    rtexit2.o(.ARM.exidx) refers to rtexit2.o(.ARM.Collect$$rtexit$$00000001) for .ARM.Collect$$rtexit$$00000001
    rtexit2.o(.ARM.exidx) refers to rtexit2.o(.ARM.Collect$$rtexit$$00000003) for .ARM.Collect$$rtexit$$00000003
    rtexit2.o(.ARM.exidx) refers to rtexit2.o(.ARM.Collect$$rtexit$$00000004) for .ARM.Collect$$rtexit$$00000004
    argv_veneer.o(.emb_text) refers to no_argv.o(.text) for __ARM_get_argv
    sys_exit.o(.text) refers (Special) to use_no_semi.o(.text) for __I$use$semihosting
    sys_exit.o(.text) refers (Special) to indicate_semi.o(.text) for __semihosting_library_function
    _get_argv_nomalloc.o(.text) refers (Special) to hrguard.o(.text) for __heap_region$guard
    _get_argv_nomalloc.o(.text) refers to defsig_rtmem_outer.o(.text) for __rt_SIGRTMEM
    _get_argv_nomalloc.o(.text) refers to sys_command.o(.text) for _sys_command_string
    libshutdown.o(.ARM.Collect$$libshutdown$$00000000) refers (Special) to libshutdown2.o(.ARM.Collect$$libshutdown$$00000006) for __rt_lib_shutdown_fp_trap_1
    libshutdown.o(.ARM.Collect$$libshutdown$$00000000) refers (Special) to libshutdown2.o(.ARM.Collect$$libshutdown$$0000000E) for __rt_lib_shutdown_heap_1
    libshutdown.o(.ARM.Collect$$libshutdown$$00000000) refers (Special) to libshutdown2.o(.ARM.Collect$$libshutdown$$0000000F) for __rt_lib_shutdown_return
    libshutdown.o(.ARM.Collect$$libshutdown$$00000000) refers (Special) to libshutdown2.o(.ARM.Collect$$libshutdown$$00000009) for __rt_lib_shutdown_signal_1
    libshutdown.o(.ARM.Collect$$libshutdown$$00000000) refers (Special) to libshutdown2.o(.ARM.Collect$$libshutdown$$00000003) for __rt_lib_shutdown_stdio_1
    libshutdown.o(.ARM.Collect$$libshutdown$$00000000) refers (Special) to libshutdown2.o(.ARM.Collect$$libshutdown$$0000000B) for __rt_lib_shutdown_user_alloc_1
    sys_command.o(.text) refers (Special) to use_no_semi.o(.text) for __I$use$semihosting
    sys_command.o(.text) refers (Special) to indicate_semi.o(.text) for __semihosting_library_function
    defsig_rtmem_outer.o(.text) refers to defsig_rtmem_inner.o(.text) for __rt_SIGRTMEM_inner
    defsig_rtmem_outer.o(.text) refers to defsig_exit.o(.text) for __sig_exit
    defsig_rtmem_formal.o(.text) refers to rt_raise.o(.text) for __rt_raise
    rt_raise.o(.text) refers to __raise.o(.text) for __raise
    rt_raise.o(.text) refers to sys_exit.o(.text) for _sys_exit
    defsig_exit.o(.text) refers to sys_exit.o(.text) for _sys_exit
    defsig_rtmem_inner.o(.text) refers to defsig_general.o(.text) for __default_signal_display
    __raise.o(.text) refers to defsig.o(CL$$defsig) for __default_signal_handler
    defsig_general.o(.text) refers to sys_wrch.o(.text) for _ttywrch
    sys_wrch.o(.text) refers (Special) to use_no_semi.o(.text) for __I$use$semihosting
    sys_wrch.o(.text) refers (Special) to indicate_semi.o(.text) for __semihosting_library_function
    defsig.o(CL$$defsig) refers to defsig_rtmem_inner.o(.text) for __rt_SIGRTMEM_inner
    defsig_abrt_inner.o(.text) refers to defsig_general.o(.text) for __default_signal_display
    defsig_fpe_inner.o(.text) refers to defsig_general.o(.text) for __default_signal_display
    defsig_rtred_inner.o(.text) refers to defsig_general.o(.text) for __default_signal_display
    defsig_stak_inner.o(.text) refers to defsig_general.o(.text) for __default_signal_display
    defsig_pvfn_inner.o(.text) refers to defsig_general.o(.text) for __default_signal_display
    defsig_cppl_inner.o(.text) refers to defsig_general.o(.text) for __default_signal_display
    defsig_segv_inner.o(.text) refers to defsig_general.o(.text) for __default_signal_display
    defsig_other.o(.text) refers to defsig_general.o(.text) for __default_signal_display


==============================================================================

Removing Unused input sections from the image.

    Removing dac.o(i.DAC_InitRaw), (192 bytes).
    Removing dac.o(i.DAC_Out2), (44 bytes).
    Removing dac.o(i.DAC_OutRaw), (60 bytes).
    Removing systick.o(i.SysTick_handler), (2 bytes).

4 unused section(s) (total 298 bytes) removed from the image.

==============================================================================

Image Symbol Table

    Local Symbols

    Symbol Name                              Value     Ov Type        Size  Object(Section)

    RESET                                    0x00000000   Section      660  startup.o(RESET)
    ../clib/angel/boardlib.s                 0x00000000   Number         0  boardinit3.o ABSOLUTE
    ../clib/angel/boardlib.s                 0x00000000   Number         0  boardshut.o ABSOLUTE
    ../clib/angel/boardlib.s                 0x00000000   Number         0  boardinit1.o ABSOLUTE
    ../clib/angel/boardlib.s                 0x00000000   Number         0  boardinit2.o ABSOLUTE
    ../clib/angel/dczerorl2.s                0x00000000   Number         0  __dczerorl2.o ABSOLUTE
    ../clib/angel/handlers.s                 0x00000000   Number         0  __scatter_zi.o ABSOLUTE
    ../clib/angel/kernel.s                   0x00000000   Number         0  rtexit2.o ABSOLUTE
    ../clib/angel/kernel.s                   0x00000000   Number         0  rtexit.o ABSOLUTE
    ../clib/angel/kernel.s                   0x00000000   Number         0  rtentry.o ABSOLUTE
    ../clib/angel/kernel.s                   0x00000000   Number         0  rtentry4.o ABSOLUTE
    ../clib/angel/kernel.s                   0x00000000   Number         0  rtentry2.o ABSOLUTE
    ../clib/angel/rt.s                       0x00000000   Number         0  rt_raise.o ABSOLUTE
    ../clib/angel/scatter.s                  0x00000000   Number         0  __scatter.o ABSOLUTE
    ../clib/angel/startup.s                  0x00000000   Number         0  __main.o ABSOLUTE
    ../clib/angel/sys.s                      0x00000000   Number         0  libspace.o ABSOLUTE
    ../clib/angel/sys.s                      0x00000000   Number         0  indicate_semi.o ABSOLUTE
    ../clib/angel/sys.s                      0x00000000   Number         0  use_no_semi.o ABSOLUTE
    ../clib/angel/sys.s                      0x00000000   Number         0  sys_stackheap_outer.o ABSOLUTE
    ../clib/angel/sysapp.c                   0x00000000   Number         0  sys_wrch.o ABSOLUTE
    ../clib/angel/sysapp.c                   0x00000000   Number         0  sys_command.o ABSOLUTE
    ../clib/angel/sysapp.c                   0x00000000   Number         0  sys_exit.o ABSOLUTE
    ../clib/armsys.c                         0x00000000   Number         0  no_argv.o ABSOLUTE
    ../clib/armsys.c                         0x00000000   Number         0  argv_veneer.o ABSOLUTE
    ../clib/armsys.c                         0x00000000   Number         0  _get_argv_nomalloc.o ABSOLUTE
    ../clib/armsys.c                         0x00000000   Number         0  argv_veneer.o ABSOLUTE
    ../clib/heapalloc.c                      0x00000000   Number         0  hrguard.o ABSOLUTE
    ../clib/heapaux.c                        0x00000000   Number         0  heapauxi.o ABSOLUTE
    ../clib/libinit.s                        0x00000000   Number         0  libinit.o ABSOLUTE
    ../clib/libinit.s                        0x00000000   Number         0  libshutdown.o ABSOLUTE
    ../clib/libinit.s                        0x00000000   Number         0  libshutdown2.o ABSOLUTE
    ../clib/libinit.s                        0x00000000   Number         0  libinit2.o ABSOLUTE
    ../clib/signal.c                         0x00000000   Number         0  defsig_abrt_inner.o ABSOLUTE
    ../clib/signal.c                         0x00000000   Number         0  __raise.o ABSOLUTE
    ../clib/signal.c                         0x00000000   Number         0  defsig_rtmem_inner.o ABSOLUTE
    ../clib/signal.c                         0x00000000   Number         0  defsig_exit.o ABSOLUTE
    ../clib/signal.c                         0x00000000   Number         0  defsig_pvfn_inner.o ABSOLUTE
    ../clib/signal.c                         0x00000000   Number         0  defsig_other.o ABSOLUTE
    ../clib/signal.c                         0x00000000   Number         0  defsig_segv_inner.o ABSOLUTE
    ../clib/signal.c                         0x00000000   Number         0  defsig_cppl_inner.o ABSOLUTE
    ../clib/signal.c                         0x00000000   Number         0  defsig_general.o ABSOLUTE
    ../clib/signal.c                         0x00000000   Number         0  defsig_rtmem_formal.o ABSOLUTE
    ../clib/signal.c                         0x00000000   Number         0  defsig_rtmem_outer.o ABSOLUTE
    ../clib/signal.c                         0x00000000   Number         0  defsig_stak_inner.o ABSOLUTE
    ../clib/signal.c                         0x00000000   Number         0  defsig_rtred_inner.o ABSOLUTE
    ../clib/signal.c                         0x00000000   Number         0  defsig_fpe_inner.o ABSOLUTE
    ../clib/signal.s                         0x00000000   Number         0  defsig.o ABSOLUTE
    ../clib/stdlib.c                         0x00000000   Number         0  exit.o ABSOLUTE
    ../fplib/d2f.s                           0x00000000   Number         0  d2f.o ABSOLUTE
    ../fplib/dmul.s                          0x00000000   Number         0  dmul.o ABSOLUTE
    ../fplib/dnaninf.s                       0x00000000   Number         0  dnaninf.o ABSOLUTE
    ../fplib/dretinf.s                       0x00000000   Number         0  dretinf.o ABSOLUTE
    ../fplib/f2d.s                           0x00000000   Number         0  f2d.o ABSOLUTE
    ../fplib/fdiv.s                          0x00000000   Number         0  fdiv.o ABSOLUTE
    ../fplib/ffix.s                          0x00000000   Number         0  ffix.o ABSOLUTE
    ../fplib/fflt.s                          0x00000000   Number         0  fflt_clz.o ABSOLUTE
    ../fplib/fmul.s                          0x00000000   Number         0  fmul.o ABSOLUTE
    ../fplib/fnaninf.s                       0x00000000   Number         0  fnaninf.o ABSOLUTE
    ../fplib/fpinit.s                        0x00000000   Number         0  fpinit.o ABSOLUTE
    ../fplib/fretinf.s                       0x00000000   Number         0  fretinf.o ABSOLUTE
    ../fplib/usenofp.s                       0x00000000   Number         0  usenofp.o ABSOLUTE
    DAC.c                                    0x00000000   Number         0  dac.o ABSOLUTE
    Debug.c                                  0x00000000   Number         0  debug.o ABSOLUTE
    NewMusic.c                               0x00000000   Number         0  newmusic.o ABSOLUTE
    PLL.c                                    0x00000000   Number         0  pll.o ABSOLUTE
    Player.c                                 0x00000000   Number         0  player.o ABSOLUTE
    Switch.c                                 0x00000000   Number         0  switch.o ABSOLUTE
    SysTick.c                                0x00000000   Number         0  systick.o ABSOLUTE
    dc.s                                     0x00000000   Number         0  dc.o ABSOLUTE
    main.c                                   0x00000000   Number         0  main.o ABSOLUTE
    startup.s                                0x00000000   Number         0  startup.o ABSOLUTE
    !!!main                                  0x00000294   Section        8  __main.o(!!!main)
    !!!scatter                               0x0000029c   Section       52  __scatter.o(!!!scatter)
    !!dczerorl2                              0x000002d0   Section       90  __dczerorl2.o(!!dczerorl2)
    !!handler_zi                             0x0000032c   Section       28  __scatter_zi.o(!!handler_zi)
    .ARM.Collect$$libinit$$00000000          0x00000348   Section        2  libinit.o(.ARM.Collect$$libinit$$00000000)
    .ARM.Collect$$libinit$$00000002          0x0000034a   Section        0  libinit2.o(.ARM.Collect$$libinit$$00000002)
    .ARM.Collect$$libinit$$00000008          0x0000034a   Section        0  libinit2.o(.ARM.Collect$$libinit$$00000008)
    .ARM.Collect$$libinit$$0000000A          0x0000034a   Section        0  libinit2.o(.ARM.Collect$$libinit$$0000000A)
    .ARM.Collect$$libinit$$0000000C          0x0000034a   Section        0  libinit2.o(.ARM.Collect$$libinit$$0000000C)
    .ARM.Collect$$libinit$$0000000F          0x0000034a   Section        0  libinit2.o(.ARM.Collect$$libinit$$0000000F)
    .ARM.Collect$$libinit$$00000011          0x0000034a   Section        0  libinit2.o(.ARM.Collect$$libinit$$00000011)
    .ARM.Collect$$libinit$$00000013          0x0000034a   Section        0  libinit2.o(.ARM.Collect$$libinit$$00000013)
    .ARM.Collect$$libinit$$00000015          0x0000034a   Section        0  libinit2.o(.ARM.Collect$$libinit$$00000015)
    .ARM.Collect$$libinit$$00000017          0x0000034a   Section        0  libinit2.o(.ARM.Collect$$libinit$$00000017)
    .ARM.Collect$$libinit$$00000019          0x0000034a   Section        0  libinit2.o(.ARM.Collect$$libinit$$00000019)
    .ARM.Collect$$libinit$$0000001B          0x0000034a   Section        0  libinit2.o(.ARM.Collect$$libinit$$0000001B)
    .ARM.Collect$$libinit$$0000001D          0x0000034a   Section        0  libinit2.o(.ARM.Collect$$libinit$$0000001D)
    .ARM.Collect$$libinit$$0000001F          0x0000034a   Section        0  libinit2.o(.ARM.Collect$$libinit$$0000001F)
    .ARM.Collect$$libinit$$00000021          0x0000034a   Section        0  libinit2.o(.ARM.Collect$$libinit$$00000021)
    .ARM.Collect$$libinit$$00000023          0x0000034a   Section        0  libinit2.o(.ARM.Collect$$libinit$$00000023)
    .ARM.Collect$$libinit$$0000002A          0x0000034a   Section        0  libinit2.o(.ARM.Collect$$libinit$$0000002A)
    .ARM.Collect$$libinit$$0000002C          0x0000034a   Section        0  libinit2.o(.ARM.Collect$$libinit$$0000002C)
    .ARM.Collect$$libinit$$0000002E          0x0000034a   Section        0  libinit2.o(.ARM.Collect$$libinit$$0000002E)
    .ARM.Collect$$libinit$$00000030          0x0000034a   Section        0  libinit2.o(.ARM.Collect$$libinit$$00000030)
    .ARM.Collect$$libinit$$00000031          0x0000034a   Section        2  libinit2.o(.ARM.Collect$$libinit$$00000031)
    .ARM.Collect$$libshutdown$$00000000      0x0000034c   Section        2  libshutdown.o(.ARM.Collect$$libshutdown$$00000000)
    .ARM.Collect$$libshutdown$$00000003      0x0000034e   Section        0  libshutdown2.o(.ARM.Collect$$libshutdown$$00000003)
    .ARM.Collect$$libshutdown$$00000006      0x0000034e   Section        0  libshutdown2.o(.ARM.Collect$$libshutdown$$00000006)
    .ARM.Collect$$libshutdown$$00000009      0x0000034e   Section        0  libshutdown2.o(.ARM.Collect$$libshutdown$$00000009)
    .ARM.Collect$$libshutdown$$0000000B      0x0000034e   Section        0  libshutdown2.o(.ARM.Collect$$libshutdown$$0000000B)
    .ARM.Collect$$libshutdown$$0000000E      0x0000034e   Section        0  libshutdown2.o(.ARM.Collect$$libshutdown$$0000000E)
    .ARM.Collect$$libshutdown$$0000000F      0x0000034e   Section        2  libshutdown2.o(.ARM.Collect$$libshutdown$$0000000F)
    .ARM.Collect$$rtentry$$00000000          0x00000350   Section        0  rtentry.o(.ARM.Collect$$rtentry$$00000000)
    .ARM.Collect$$rtentry$$00000002          0x00000350   Section        0  rtentry2.o(.ARM.Collect$$rtentry$$00000002)
    .ARM.Collect$$rtentry$$00000004          0x00000350   Section        6  rtentry4.o(.ARM.Collect$$rtentry$$00000004)
    .ARM.Collect$$rtentry$$00000009          0x00000356   Section        0  rtentry2.o(.ARM.Collect$$rtentry$$00000009)
    .ARM.Collect$$rtentry$$0000000A          0x00000356   Section        4  rtentry2.o(.ARM.Collect$$rtentry$$0000000A)
    .ARM.Collect$$rtentry$$0000000C          0x0000035a   Section        0  rtentry2.o(.ARM.Collect$$rtentry$$0000000C)
    .ARM.Collect$$rtentry$$0000000D          0x0000035a   Section        8  rtentry2.o(.ARM.Collect$$rtentry$$0000000D)
    .ARM.Collect$$rtexit$$00000000           0x00000362   Section        2  rtexit.o(.ARM.Collect$$rtexit$$00000000)
    .ARM.Collect$$rtexit$$00000002           0x00000364   Section        0  rtexit2.o(.ARM.Collect$$rtexit$$00000002)
    .ARM.Collect$$rtexit$$00000003           0x00000364   Section        4  rtexit2.o(.ARM.Collect$$rtexit$$00000003)
    .ARM.Collect$$rtexit$$00000004           0x00000368   Section        6  rtexit2.o(.ARM.Collect$$rtexit$$00000004)
    .text                                    0x00000370   Section       48  startup.o(.text)
    .text                                    0x000003a0   Section        0  heapauxi.o(.text)
    .text                                    0x000003a6   Section       74  sys_stackheap_outer.o(.text)
    .text                                    0x000003f0   Section        0  exit.o(.text)
    .text                                    0x000003fc   Section        8  libspace.o(.text)
    .text                                    0x00000404   Section        0  sys_exit.o(.text)
    .text                                    0x00000410   Section        2  use_no_semi.o(.text)
    .text                                    0x00000412   Section        0  indicate_semi.o(.text)
    i.DAC_Init                               0x00000414   Section        0  dac.o(i.DAC_Init)
    i.DAC_Out                                0x000004b8   Section        0  dac.o(i.DAC_Out)
    i.FindInstrumentArray                    0x000004d0   Section        0  player.o(i.FindInstrumentArray)
    i.GPIOPB3Arm                             0x000004fc   Section        0  switch.o(i.GPIOPB3Arm)
    GPIOPB3Arm                               0x000004fd   Thumb Code    46  switch.o(i.GPIOPB3Arm)
    i.GPIOPC6Arm                             0x00000538   Section        0  switch.o(i.GPIOPC6Arm)
    GPIOPC6Arm                               0x00000539   Thumb Code    46  switch.o(i.GPIOPC6Arm)
    i.GPIOPF4Arm                             0x00000574   Section        0  switch.o(i.GPIOPF4Arm)
    GPIOPF4Arm                               0x00000575   Thumb Code    48  switch.o(i.GPIOPF4Arm)
    i.GPIOPortB_Handler                      0x000005b0   Section        0  switch.o(i.GPIOPortB_Handler)
    i.GPIOPortC_Handler                      0x00000604   Section        0  switch.o(i.GPIOPortC_Handler)
    i.GPIOPortF_Handler                      0x00000658   Section        0  switch.o(i.GPIOPortF_Handler)
    i.MakeMusic                              0x000006ac   Section        0  newmusic.o(i.MakeMusic)
    MakeMusic                                0x000006ad   Thumb Code   738  newmusic.o(i.MakeMusic)
    i.NullTask                               0x000009a8   Section        0  switch.o(i.NullTask)
    NullTask                                 0x000009a9   Thumb Code     2  switch.o(i.NullTask)
    i.PLL_Init                               0x000009ac   Section        0  pll.o(i.PLL_Init)
    i.Part_Init                              0x00000a28   Section        0  newmusic.o(i.Part_Init)
    i.PendSV_Handler                         0x00000a9c   Section        0  player.o(i.PendSV_Handler)
    i.Player_ChangeVolume                    0x00000b40   Section        0  player.o(i.Player_ChangeVolume)
    i.Player_Init                            0x00000bb0   Section        0  player.o(i.Player_Init)
    i.Player_Pause                           0x00000cf8   Section        0  player.o(i.Player_Pause)
    i.Player_Restart                         0x00000d3c   Section        0  player.o(i.Player_Restart)
    i.PortB_Init                             0x00000e4c   Section        0  debug.o(i.PortB_Init)
    i.Switch_AssignTask                      0x00000ec0   Section        0  switch.o(i.Switch_AssignTask)
    i.Switch_Init                            0x00000f14   Section        0  switch.o(i.Switch_Init)
    i.SysTick_Init                           0x0000111c   Section        0  systick.o(i.SysTick_Init)
    i.SysTick_Wait                           0x00001134   Section        0  systick.o(i.SysTick_Wait)
    i.SysTick_Wait10ms                       0x00001154   Section        0  systick.o(i.SysTick_Wait10ms)
    i.Timer0A_Handler                        0x00001170   Section        0  player.o(i.Timer0A_Handler)
    i.Timer0A_Init                           0x000012fc   Section        0  player.o(i.Timer0A_Init)
    Timer0A_Init                             0x000012fd   Thumb Code    88  player.o(i.Timer0A_Init)
    i.Timer1A_Handler                        0x00001364   Section        0  player.o(i.Timer1A_Handler)
    i.Timer1A_Init                           0x000014f0   Section        0  player.o(i.Timer1A_Init)
    Timer1A_Init                             0x000014f1   Thumb Code    88  player.o(i.Timer1A_Init)
    i.Timer2A_Handler                        0x00001558   Section        0  player.o(i.Timer2A_Handler)
    i.Timer2A_Init                           0x000016f4   Section        0  player.o(i.Timer2A_Init)
    Timer2A_Init                             0x000016f5   Thumb Code    88  player.o(i.Timer2A_Init)
    i.durationFinder                         0x0000175c   Section        0  newmusic.o(i.durationFinder)
    durationFinder                           0x0000175d   Thumb Code    54  newmusic.o(i.durationFinder)
    i.freqFinder                             0x0000179c   Section        0  newmusic.o(i.freqFinder)
    freqFinder                               0x0000179d   Thumb Code  1166  newmusic.o(i.freqFinder)
    i.main                                   0x00001d20   Section        0  main.o(i.main)
    x$fpl$d2f                                0x00001d74   Section       98  d2f.o(x$fpl$d2f)
    x$fpl$dmul                               0x00001dd8   Section      340  dmul.o(x$fpl$dmul)
    x$fpl$dnaninf                            0x00001f2c   Section      156  dnaninf.o(x$fpl$dnaninf)
    x$fpl$dretinf                            0x00001fc8   Section       12  dretinf.o(x$fpl$dretinf)
    x$fpl$f2d                                0x00001fd4   Section       86  f2d.o(x$fpl$f2d)
    x$fpl$fdiv                               0x0000202c   Section      388  fdiv.o(x$fpl$fdiv)
    _fdiv1                                   0x0000202d   Thumb Code     0  fdiv.o(x$fpl$fdiv)
    x$fpl$ffix                               0x000021b0   Section       54  ffix.o(x$fpl$ffix)
    x$fpl$fflt                               0x000021e8   Section       48  fflt_clz.o(x$fpl$fflt)
    x$fpl$fmul                               0x00002218   Section      258  fmul.o(x$fpl$fmul)
    x$fpl$fnaninf                            0x0000231a   Section      140  fnaninf.o(x$fpl$fnaninf)
    x$fpl$fretinf                            0x000023a6   Section       10  fretinf.o(x$fpl$fretinf)
    .constdata                               0x000023b0   Section     4208  player.o(.constdata)
    x$fpl$usenofp                            0x000023b0   Section        0  usenofp.o(x$fpl$usenofp)
    .data                                    0x20000000   Section       12  newmusic.o(.data)
    clk_speed                                0x20000000   Data           4  newmusic.o(.data)
    .data                                    0x2000000c   Section     1376  player.o(.data)
    .data                                    0x2000056c   Section       36  switch.o(.data)
    PreviousPB3                              0x2000056c   Data           4  switch.o(.data)
    PreviousPC6                              0x20000570   Data           4  switch.o(.data)
    PreviousPF4                              0x20000574   Data           4  switch.o(.data)
    .bss                                     0x20000590   Section     9216  player.o(.bss)
    .bss                                     0x20002990   Section       96  libspace.o(.bss)
    HEAP                                     0x200029f0   Section        0  startup.o(HEAP)
    STACK                                    0x200029f0   Section     1024  startup.o(STACK)
    HeapMem                                  0x200029f0   Data           0  startup.o(HEAP)
    StackMem                                 0x200029f0   Data           0  startup.o(STACK)

    Global Symbols

    Symbol Name                              Value     Ov Type        Size  Object(Section)

    BuildAttributes$$THM_ISAv4$E$P$D$K$B$S$7EM$PE$A:L22UL41UL21$X:L11$S22US41US21$IEEE1$IW$USESV6$~STKCKD$USESV7$~SHL$OSPACE$ROPI$EBA8$UX$STANDARDLIB$REQ8$PRES8$EABIv2 0x00000000   Number         0  anon$$obj.o ABSOLUTE
    __ARM_use_no_argv                        0x00000000   Number         0  main.o ABSOLUTE
    __Vectors                                0x00000000   Data           0  startup.o(RESET)
    __ARM_exceptions_init                     - Undefined Weak Reference
    __alloca_initialize                       - Undefined Weak Reference
    __cpp_initialize__aeabi_                  - Undefined Weak Reference
    __cxa_finalize                            - Undefined Weak Reference
    __rt_locale                               - Undefined Weak Reference
    __sigvec_lookup                           - Undefined Weak Reference
    _atexit_init                              - Undefined Weak Reference
    _call_atexit_fns                          - Undefined Weak Reference
    _clock_init                               - Undefined Weak Reference
    _fp_trap_init                             - Undefined Weak Reference
    _fp_trap_shutdown                         - Undefined Weak Reference
    _get_lc_collate                           - Undefined Weak Reference
    _get_lc_ctype                             - Undefined Weak Reference
    _get_lc_monetary                          - Undefined Weak Reference
    _get_lc_numeric                           - Undefined Weak Reference
    _get_lc_time                              - Undefined Weak Reference
    _getenv_init                              - Undefined Weak Reference
    _handle_redirection                       - Undefined Weak Reference
    _init_alloc                               - Undefined Weak Reference
    _init_user_alloc                          - Undefined Weak Reference
    _initio                                   - Undefined Weak Reference
    _rand_init                                - Undefined Weak Reference
    _signal_finish                            - Undefined Weak Reference
    _signal_init                              - Undefined Weak Reference
    _terminate_alloc                          - Undefined Weak Reference
    _terminate_user_alloc                     - Undefined Weak Reference
    _terminateio                              - Undefined Weak Reference
    Reset_Handler                            0x0000026d   Thumb Code     0  startup.o(RESET)
    NMI_Handler                              0x00000281   Thumb Code     2  startup.o(RESET)
    HardFault_Handler                        0x00000283   Thumb Code     2  startup.o(RESET)
    MemManage_Handler                        0x00000285   Thumb Code     2  startup.o(RESET)
    BusFault_Handler                         0x00000287   Thumb Code     2  startup.o(RESET)
    UsageFault_Handler                       0x00000289   Thumb Code     2  startup.o(RESET)
    SVC_Handler                              0x0000028b   Thumb Code     2  startup.o(RESET)
    DebugMon_Handler                         0x0000028d   Thumb Code     2  startup.o(RESET)
    SysTick_Handler                          0x00000291   Thumb Code     2  startup.o(RESET)
    ADC0Seq0_Handler                         0x00000293   Thumb Code     0  startup.o(RESET)
    ADC0Seq1_Handler                         0x00000293   Thumb Code     0  startup.o(RESET)
    ADC0Seq2_Handler                         0x00000293   Thumb Code     0  startup.o(RESET)
    ADC0Seq3_Handler                         0x00000293   Thumb Code     0  startup.o(RESET)
    ADC1Seq0_Handler                         0x00000293   Thumb Code     0  startup.o(RESET)
    ADC1Seq1_Handler                         0x00000293   Thumb Code     0  startup.o(RESET)
    ADC1Seq2_Handler                         0x00000293   Thumb Code     0  startup.o(RESET)
    ADC1Seq3_Handler                         0x00000293   Thumb Code     0  startup.o(RESET)
    CAN0_Handler                             0x00000293   Thumb Code     0  startup.o(RESET)
    CAN1_Handler                             0x00000293   Thumb Code     0  startup.o(RESET)
    CAN2_Handler                             0x00000293   Thumb Code     0  startup.o(RESET)
    Comp0_Handler                            0x00000293   Thumb Code     0  startup.o(RESET)
    Comp1_Handler                            0x00000293   Thumb Code     0  startup.o(RESET)
    Comp2_Handler                            0x00000293   Thumb Code     0  startup.o(RESET)
    Ethernet_Handler                         0x00000293   Thumb Code     0  startup.o(RESET)
    ExtBus_Handler                           0x00000293   Thumb Code     0  startup.o(RESET)
    FPU_Handler                              0x00000293   Thumb Code     0  startup.o(RESET)
    Fan0_Handler                             0x00000293   Thumb Code     0  startup.o(RESET)
    FlashCtl_Handler                         0x00000293   Thumb Code     0  startup.o(RESET)
    GPIOPortA_Handler                        0x00000293   Thumb Code     0  startup.o(RESET)
    GPIOPortD_Handler                        0x00000293   Thumb Code     0  startup.o(RESET)
    GPIOPortE_Handler                        0x00000293   Thumb Code     0  startup.o(RESET)
    GPIOPortG_Handler                        0x00000293   Thumb Code     0  startup.o(RESET)
    GPIOPortH_Handler                        0x00000293   Thumb Code     0  startup.o(RESET)
    GPIOPortJ_Handler                        0x00000293   Thumb Code     0  startup.o(RESET)
    GPIOPortK_Handler                        0x00000293   Thumb Code     0  startup.o(RESET)
    GPIOPortL_Handler                        0x00000293   Thumb Code     0  startup.o(RESET)
    GPIOPortM_Handler                        0x00000293   Thumb Code     0  startup.o(RESET)
    GPIOPortN_Handler                        0x00000293   Thumb Code     0  startup.o(RESET)
    GPIOPortP1_Handler                       0x00000293   Thumb Code     0  startup.o(RESET)
    GPIOPortP2_Handler                       0x00000293   Thumb Code     0  startup.o(RESET)
    GPIOPortP3_Handler                       0x00000293   Thumb Code     0  startup.o(RESET)
    GPIOPortP4_Handler                       0x00000293   Thumb Code     0  startup.o(RESET)
    GPIOPortP5_Handler                       0x00000293   Thumb Code     0  startup.o(RESET)
    GPIOPortP6_Handler                       0x00000293   Thumb Code     0  startup.o(RESET)
    GPIOPortP7_Handler                       0x00000293   Thumb Code     0  startup.o(RESET)
    GPIOPortP_Handler                        0x00000293   Thumb Code     0  startup.o(RESET)
    GPIOPortQ1_Handler                       0x00000293   Thumb Code     0  startup.o(RESET)
    GPIOPortQ2_Handler                       0x00000293   Thumb Code     0  startup.o(RESET)
    GPIOPortQ3_Handler                       0x00000293   Thumb Code     0  startup.o(RESET)
    GPIOPortQ4_Handler                       0x00000293   Thumb Code     0  startup.o(RESET)
    GPIOPortQ5_Handler                       0x00000293   Thumb Code     0  startup.o(RESET)
    GPIOPortQ6_Handler                       0x00000293   Thumb Code     0  startup.o(RESET)
    GPIOPortQ7_Handler                       0x00000293   Thumb Code     0  startup.o(RESET)
    GPIOPortQ_Handler                        0x00000293   Thumb Code     0  startup.o(RESET)
    GPIOPortR_Handler                        0x00000293   Thumb Code     0  startup.o(RESET)
    GPIOPortS_Handler                        0x00000293   Thumb Code     0  startup.o(RESET)
    Hibernate_Handler                        0x00000293   Thumb Code     0  startup.o(RESET)
    I2C0_Handler                             0x00000293   Thumb Code     0  startup.o(RESET)
    I2C1_Handler                             0x00000293   Thumb Code     0  startup.o(RESET)
    I2C2_Handler                             0x00000293   Thumb Code     0  startup.o(RESET)
    I2C3_Handler                             0x00000293   Thumb Code     0  startup.o(RESET)
    I2C4_Handler                             0x00000293   Thumb Code     0  startup.o(RESET)
    I2C5_Handler                             0x00000293   Thumb Code     0  startup.o(RESET)
    I2S0_Handler                             0x00000293   Thumb Code     0  startup.o(RESET)
    LPC0_Handler                             0x00000293   Thumb Code     0  startup.o(RESET)
    PECI0_Handler                            0x00000293   Thumb Code     0  startup.o(RESET)
    PWM0Fault_Handler                        0x00000293   Thumb Code     0  startup.o(RESET)
    PWM0Generator0_Handler                   0x00000293   Thumb Code     0  startup.o(RESET)
    PWM0Generator1_Handler                   0x00000293   Thumb Code     0  startup.o(RESET)
    PWM0Generator2_Handler                   0x00000293   Thumb Code     0  startup.o(RESET)
    PWM0Generator3_Handler                   0x00000293   Thumb Code     0  startup.o(RESET)
    PWM1Fault_Handler                        0x00000293   Thumb Code     0  startup.o(RESET)
    PWM1Generator0_Handler                   0x00000293   Thumb Code     0  startup.o(RESET)
    PWM1Generator1_Handler                   0x00000293   Thumb Code     0  startup.o(RESET)
    PWM1Generator2_Handler                   0x00000293   Thumb Code     0  startup.o(RESET)
    PWM1Generator3_Handler                   0x00000293   Thumb Code     0  startup.o(RESET)
    Quadrature0_Handler                      0x00000293   Thumb Code     0  startup.o(RESET)
    Quadrature1_Handler                      0x00000293   Thumb Code     0  startup.o(RESET)
    Quadrature2_Handler                      0x00000293   Thumb Code     0  startup.o(RESET)
    SSI0_Handler                             0x00000293   Thumb Code     0  startup.o(RESET)
    SSI1_Handler                             0x00000293   Thumb Code     0  startup.o(RESET)
    SSI2_Handler                             0x00000293   Thumb Code     0  startup.o(RESET)
    SSI3_Handler                             0x00000293   Thumb Code     0  startup.o(RESET)
    SysCtl_Handler                           0x00000293   Thumb Code     0  startup.o(RESET)
    Timer0B_Handler                          0x00000293   Thumb Code     0  startup.o(RESET)
    Timer1B_Handler                          0x00000293   Thumb Code     0  startup.o(RESET)
    Timer2B_Handler                          0x00000293   Thumb Code     0  startup.o(RESET)
    Timer3A_Handler                          0x00000293   Thumb Code     0  startup.o(RESET)
    Timer3B_Handler                          0x00000293   Thumb Code     0  startup.o(RESET)
    Timer4A_Handler                          0x00000293   Thumb Code     0  startup.o(RESET)
    Timer4B_Handler                          0x00000293   Thumb Code     0  startup.o(RESET)
    Timer5A_Handler                          0x00000293   Thumb Code     0  startup.o(RESET)
    Timer5B_Handler                          0x00000293   Thumb Code     0  startup.o(RESET)
    UART0_Handler                            0x00000293   Thumb Code     0  startup.o(RESET)
    UART1_Handler                            0x00000293   Thumb Code     0  startup.o(RESET)
    UART2_Handler                            0x00000293   Thumb Code     0  startup.o(RESET)
    UART3_Handler                            0x00000293   Thumb Code     0  startup.o(RESET)
    UART4_Handler                            0x00000293   Thumb Code     0  startup.o(RESET)
    UART5_Handler                            0x00000293   Thumb Code     0  startup.o(RESET)
    UART6_Handler                            0x00000293   Thumb Code     0  startup.o(RESET)
    UART7_Handler                            0x00000293   Thumb Code     0  startup.o(RESET)
    USB0_Handler                             0x00000293   Thumb Code     0  startup.o(RESET)
    WDT_Handler                              0x00000293   Thumb Code     0  startup.o(RESET)
    WideTimer0A_Handler                      0x00000293   Thumb Code     0  startup.o(RESET)
    WideTimer0B_Handler                      0x00000293   Thumb Code     0  startup.o(RESET)
    WideTimer1A_Handler                      0x00000293   Thumb Code     0  startup.o(RESET)
    WideTimer1B_Handler                      0x00000293   Thumb Code     0  startup.o(RESET)
    WideTimer2A_Handler                      0x00000293   Thumb Code     0  startup.o(RESET)
    WideTimer2B_Handler                      0x00000293   Thumb Code     0  startup.o(RESET)
    WideTimer3A_Handler                      0x00000293   Thumb Code     0  startup.o(RESET)
    WideTimer3B_Handler                      0x00000293   Thumb Code     0  startup.o(RESET)
    WideTimer4A_Handler                      0x00000293   Thumb Code     0  startup.o(RESET)
    WideTimer4B_Handler                      0x00000293   Thumb Code     0  startup.o(RESET)
    WideTimer5A_Handler                      0x00000293   Thumb Code     0  startup.o(RESET)
    WideTimer5B_Handler                      0x00000293   Thumb Code     0  startup.o(RESET)
    uDMA_Error                               0x00000293   Thumb Code     0  startup.o(RESET)
    uDMA_Handler                             0x00000293   Thumb Code     0  startup.o(RESET)
    __main                                   0x00000295   Thumb Code     8  __main.o(!!!main)
    __scatterload                            0x0000029d   Thumb Code     0  __scatter.o(!!!scatter)
    __scatterload_rt2                        0x0000029d   Thumb Code    44  __scatter.o(!!!scatter)
    __scatterload_rt2_thumb_only             0x0000029d   Thumb Code     0  __scatter.o(!!!scatter)
    __scatterload_null                       0x000002ab   Thumb Code     0  __scatter.o(!!!scatter)
    __decompress                             0x000002d1   Thumb Code    90  __dczerorl2.o(!!dczerorl2)
    __decompress1                            0x000002d1   Thumb Code     0  __dczerorl2.o(!!dczerorl2)
    __scatterload_zeroinit                   0x0000032d   Thumb Code    28  __scatter_zi.o(!!handler_zi)
    __rt_lib_init                            0x00000349   Thumb Code     0  libinit.o(.ARM.Collect$$libinit$$00000000)
    __rt_lib_init_alloca_1                   0x0000034b   Thumb Code     0  libinit2.o(.ARM.Collect$$libinit$$0000002C)
    __rt_lib_init_argv_1                     0x0000034b   Thumb Code     0  libinit2.o(.ARM.Collect$$libinit$$0000002A)
    __rt_lib_init_atexit_1                   0x0000034b   Thumb Code     0  libinit2.o(.ARM.Collect$$libinit$$00000019)
    __rt_lib_init_clock_1                    0x0000034b   Thumb Code     0  libinit2.o(.ARM.Collect$$libinit$$0000001F)
    __rt_lib_init_cpp_1                      0x0000034b   Thumb Code     0  libinit2.o(.ARM.Collect$$libinit$$00000030)
    __rt_lib_init_exceptions_1               0x0000034b   Thumb Code     0  libinit2.o(.ARM.Collect$$libinit$$0000002E)
    __rt_lib_init_fp_1                       0x0000034b   Thumb Code     0  libinit2.o(.ARM.Collect$$libinit$$00000002)
    __rt_lib_init_fp_trap_1                  0x0000034b   Thumb Code     0  libinit2.o(.ARM.Collect$$libinit$$0000001D)
    __rt_lib_init_getenv_1                   0x0000034b   Thumb Code     0  libinit2.o(.ARM.Collect$$libinit$$00000021)
    __rt_lib_init_heap_1                     0x0000034b   Thumb Code     0  libinit2.o(.ARM.Collect$$libinit$$00000008)
    __rt_lib_init_lc_collate_1               0x0000034b   Thumb Code     0  libinit2.o(.ARM.Collect$$libinit$$0000000F)
    __rt_lib_init_lc_ctype_1                 0x0000034b   Thumb Code     0  libinit2.o(.ARM.Collect$$libinit$$00000011)
    __rt_lib_init_lc_monetary_1              0x0000034b   Thumb Code     0  libinit2.o(.ARM.Collect$$libinit$$00000013)
    __rt_lib_init_lc_numeric_1               0x0000034b   Thumb Code     0  libinit2.o(.ARM.Collect$$libinit$$00000015)
    __rt_lib_init_lc_time_1                  0x0000034b   Thumb Code     0  libinit2.o(.ARM.Collect$$libinit$$00000017)
    __rt_lib_init_rand_1                     0x0000034b   Thumb Code     0  libinit2.o(.ARM.Collect$$libinit$$0000000C)
    __rt_lib_init_return                     0x0000034b   Thumb Code     0  libinit2.o(.ARM.Collect$$libinit$$00000031)
    __rt_lib_init_signal_1                   0x0000034b   Thumb Code     0  libinit2.o(.ARM.Collect$$libinit$$0000001B)
    __rt_lib_init_stdio_1                    0x0000034b   Thumb Code     0  libinit2.o(.ARM.Collect$$libinit$$00000023)
    __rt_lib_init_user_alloc_1               0x0000034b   Thumb Code     0  libinit2.o(.ARM.Collect$$libinit$$0000000A)
    __rt_lib_shutdown                        0x0000034d   Thumb Code     0  libshutdown.o(.ARM.Collect$$libshutdown$$00000000)
    __rt_lib_shutdown_fp_trap_1              0x0000034f   Thumb Code     0  libshutdown2.o(.ARM.Collect$$libshutdown$$00000006)
    __rt_lib_shutdown_heap_1                 0x0000034f   Thumb Code     0  libshutdown2.o(.ARM.Collect$$libshutdown$$0000000E)
    __rt_lib_shutdown_return                 0x0000034f   Thumb Code     0  libshutdown2.o(.ARM.Collect$$libshutdown$$0000000F)
    __rt_lib_shutdown_signal_1               0x0000034f   Thumb Code     0  libshutdown2.o(.ARM.Collect$$libshutdown$$00000009)
    __rt_lib_shutdown_stdio_1                0x0000034f   Thumb Code     0  libshutdown2.o(.ARM.Collect$$libshutdown$$00000003)
    __rt_lib_shutdown_user_alloc_1           0x0000034f   Thumb Code     0  libshutdown2.o(.ARM.Collect$$libshutdown$$0000000B)
    __rt_entry                               0x00000351   Thumb Code     0  rtentry.o(.ARM.Collect$$rtentry$$00000000)
    __rt_entry_presh_1                       0x00000351   Thumb Code     0  rtentry2.o(.ARM.Collect$$rtentry$$00000002)
    __rt_entry_sh                            0x00000351   Thumb Code     0  rtentry4.o(.ARM.Collect$$rtentry$$00000004)
    __rt_entry_li                            0x00000357   Thumb Code     0  rtentry2.o(.ARM.Collect$$rtentry$$0000000A)
    __rt_entry_postsh_1                      0x00000357   Thumb Code     0  rtentry2.o(.ARM.Collect$$rtentry$$00000009)
    __rt_entry_main                          0x0000035b   Thumb Code     0  rtentry2.o(.ARM.Collect$$rtentry$$0000000D)
    __rt_entry_postli_1                      0x0000035b   Thumb Code     0  rtentry2.o(.ARM.Collect$$rtentry$$0000000C)
    __rt_exit                                0x00000363   Thumb Code     0  rtexit.o(.ARM.Collect$$rtexit$$00000000)
    __rt_exit_ls                             0x00000365   Thumb Code     0  rtexit2.o(.ARM.Collect$$rtexit$$00000003)
    __rt_exit_prels_1                        0x00000365   Thumb Code     0  rtexit2.o(.ARM.Collect$$rtexit$$00000002)
    __rt_exit_exit                           0x00000369   Thumb Code     0  rtexit2.o(.ARM.Collect$$rtexit$$00000004)
    DisableInterrupts                        0x00000371   Thumb Code     0  startup.o(.text)
    EnableInterrupts                         0x00000375   Thumb Code     0  startup.o(.text)
    StartCritical                            0x00000379   Thumb Code     0  startup.o(.text)
    EndCritical                              0x00000381   Thumb Code     0  startup.o(.text)
    WaitForInterrupt                         0x00000387   Thumb Code     0  startup.o(.text)
    __user_initial_stackheap                 0x0000038b   Thumb Code     0  startup.o(.text)
    __use_two_region_memory                  0x000003a1   Thumb Code     2  heapauxi.o(.text)
    __rt_heap_escrow$2region                 0x000003a3   Thumb Code     2  heapauxi.o(.text)
    __rt_heap_expand$2region                 0x000003a5   Thumb Code     2  heapauxi.o(.text)
    __user_setup_stackheap                   0x000003a7   Thumb Code    74  sys_stackheap_outer.o(.text)
    exit                                     0x000003f1   Thumb Code    12  exit.o(.text)
    __user_libspace                          0x000003fd   Thumb Code     8  libspace.o(.text)
    __user_perproc_libspace                  0x000003fd   Thumb Code     0  libspace.o(.text)
    __user_perthread_libspace                0x000003fd   Thumb Code     0  libspace.o(.text)
    _sys_exit                                0x00000405   Thumb Code     8  sys_exit.o(.text)
    __I$use$semihosting                      0x00000411   Thumb Code     0  use_no_semi.o(.text)
    __use_no_semihosting_swi                 0x00000411   Thumb Code     2  use_no_semi.o(.text)
    __semihosting_library_function           0x00000413   Thumb Code     0  indicate_semi.o(.text)
    DAC_Init                                 0x00000415   Thumb Code   136  dac.o(i.DAC_Init)
    DAC_Out                                  0x000004b9   Thumb Code    18  dac.o(i.DAC_Out)
    FindInstrumentArray                      0x000004d1   Thumb Code    32  player.o(i.FindInstrumentArray)
    GPIOPortB_Handler                        0x000005b1   Thumb Code    64  switch.o(i.GPIOPortB_Handler)
    GPIOPortC_Handler                        0x00000605   Thumb Code    64  switch.o(i.GPIOPortC_Handler)
    GPIOPortF_Handler                        0x00000659   Thumb Code    64  switch.o(i.GPIOPortF_Handler)
    PLL_Init                                 0x000009ad   Thumb Code   118  pll.o(i.PLL_Init)
    Part_Init                                0x00000a29   Thumb Code   112  newmusic.o(i.Part_Init)
    PendSV_Handler                           0x00000a9d   Thumb Code   144  player.o(i.PendSV_Handler)
    Player_ChangeVolume                      0x00000b41   Thumb Code   106  player.o(i.Player_ChangeVolume)
    Player_Init                              0x00000bb1   Thumb Code   248  player.o(i.Player_Init)
    Player_Pause                             0x00000cf9   Thumb Code    50  player.o(i.Player_Pause)
    Player_Restart                           0x00000d3d   Thumb Code   188  player.o(i.Player_Restart)
    PortB_Init                               0x00000e4d   Thumb Code    88  debug.o(i.PortB_Init)
    Switch_AssignTask                        0x00000ec1   Thumb Code    58  switch.o(i.Switch_AssignTask)
    Switch_Init                              0x00000f15   Thumb Code   446  switch.o(i.Switch_Init)
    SysTick_Init                             0x0000111d   Thumb Code    24  systick.o(i.SysTick_Init)
    SysTick_Wait                             0x00001135   Thumb Code    32  systick.o(i.SysTick_Wait)
    SysTick_Wait10ms                         0x00001155   Thumb Code    22  systick.o(i.SysTick_Wait10ms)
    Timer0A_Handler                          0x00001171   Thumb Code   334  player.o(i.Timer0A_Handler)
    Timer1A_Handler                          0x00001365   Thumb Code   334  player.o(i.Timer1A_Handler)
    Timer2A_Handler                          0x00001559   Thumb Code   350  player.o(i.Timer2A_Handler)
    main                                     0x00001d21   Thumb Code    70  main.o(i.main)
    __aeabi_d2f                              0x00001d75   Thumb Code     0  d2f.o(x$fpl$d2f)
    _d2f                                     0x00001d75   Thumb Code    98  d2f.o(x$fpl$d2f)
    __aeabi_dmul                             0x00001dd9   Thumb Code     0  dmul.o(x$fpl$dmul)
    _dmul                                    0x00001dd9   Thumb Code   332  dmul.o(x$fpl$dmul)
    __fpl_dnaninf                            0x00001f2d   Thumb Code   156  dnaninf.o(x$fpl$dnaninf)
    __fpl_dretinf                            0x00001fc9   Thumb Code    12  dretinf.o(x$fpl$dretinf)
    __aeabi_f2d                              0x00001fd5   Thumb Code     0  f2d.o(x$fpl$f2d)
    _f2d                                     0x00001fd5   Thumb Code    86  f2d.o(x$fpl$f2d)
    __aeabi_fdiv                             0x0000202d   Thumb Code     0  fdiv.o(x$fpl$fdiv)
    _fdiv                                    0x0000202d   Thumb Code   384  fdiv.o(x$fpl$fdiv)
    __aeabi_f2iz                             0x000021b1   Thumb Code     0  ffix.o(x$fpl$ffix)
    _ffix                                    0x000021b1   Thumb Code    54  ffix.o(x$fpl$ffix)
    __aeabi_i2f                              0x000021e9   Thumb Code     0  fflt_clz.o(x$fpl$fflt)
    _fflt                                    0x000021e9   Thumb Code    48  fflt_clz.o(x$fpl$fflt)
    __aeabi_fmul                             0x00002219   Thumb Code     0  fmul.o(x$fpl$fmul)
    _fmul                                    0x00002219   Thumb Code   258  fmul.o(x$fpl$fmul)
    __fpl_fnaninf                            0x0000231b   Thumb Code   140  fnaninf.o(x$fpl$fnaninf)
    __fpl_fretinf                            0x000023a7   Thumb Code    10  fretinf.o(x$fpl$fretinf)
    Bassoon_Part_Length                      0x000023b0   Data           4  player.o(.constdata)
    __I$use$fp                               0x000023b0   Number         0  usenofp.o(x$fpl$usenofp)
    Bassoon_Part                             0x000023b4   Data        1500  player.o(.constdata)
    Trumpet_Part_Length                      0x00002990   Data           4  player.o(.constdata)
    Trumpet_Part                             0x00002994   Data        1668  player.o(.constdata)
    Oboe_Part_Length                         0x00003018   Data           4  player.o(.constdata)
    trumpetArray                             0x0000301c   Data         336  player.o(.constdata)
    bassoonArray                             0x0000316c   Data         342  player.o(.constdata)
    oboeArray                                0x000032c2   Data         256  player.o(.constdata)
    FullEnvelopeArray                        0x000033c2   Data          20  player.o(.constdata)
    FrontEnvelopeArray                       0x000033d6   Data          20  player.o(.constdata)
    BackEnvelopeArray                        0x000033ea   Data          20  player.o(.constdata)
    Part_Length                              0x00003400   Data           4  player.o(.constdata)
    Incrementer                              0x00003404   Data           1  player.o(.constdata)
    part0_length                             0x00003408   Data           4  player.o(.constdata)
    part0_instrumentResolution               0x0000340c   Data           4  player.o(.constdata)
    part1_length                             0x00003410   Data           4  player.o(.constdata)
    part1_instrumentResolution               0x00003414   Data           4  player.o(.constdata)
    part2_length                             0x00003418   Data           4  player.o(.constdata)
    part2_instrumentResolution               0x0000341c   Data           4  player.o(.constdata)
    Region$$Table$$Base                      0x00003420   Number         0  anon$$obj.o(Region$$Table)
    Region$$Table$$Limit                     0x00003440   Number         0  anon$$obj.o(Region$$Table)
    previousProperty                         0x20000004   Data           4  newmusic.o(.data)
    SoundWaveResolution                      0x20000008   Data           4  newmusic.o(.data)
    Oboe_Part                                0x2000000c   Data        1272  player.o(.data)
    Parts_Ready                              0x20000504   Data           1  player.o(.data)
    Volume                                   0x20000505   Data           1  player.o(.data)
    part0_instrument                         0x20000508   Data           4  player.o(.data)
    part1_instrument                         0x2000050c   Data           4  player.o(.data)
    part2_instrument                         0x20000510   Data           4  player.o(.data)
    IsPaused                                 0x20000514   Data           1  player.o(.data)
    part0_instrumentIndex                    0x20000518   Data           4  player.o(.data)
    part0_index                              0x2000051c   Data           4  player.o(.data)
    part0_stepsRemaining                     0x20000520   Data           4  player.o(.data)
    part0_OutValue                           0x20000524   Data           4  player.o(.data)
    part0_StepsPerEnvelope                   0x20000528   Data           4  player.o(.data)
    part0_EnvelopeStepCount                  0x2000052c   Data           4  player.o(.data)
    part0_EnvelopeIndex                      0x20000530   Data           4  player.o(.data)
    part1_instrumentIndex                    0x20000534   Data           4  player.o(.data)
    part1_index                              0x20000538   Data           4  player.o(.data)
    part1_stepsRemaining                     0x2000053c   Data           4  player.o(.data)
    part1_OutValue                           0x20000540   Data           4  player.o(.data)
    part1_StepsPerEnvelope                   0x20000544   Data           4  player.o(.data)
    part1_EnvelopeStepCount                  0x20000548   Data           4  player.o(.data)
    part1_EnvelopeIndex                      0x2000054c   Data           4  player.o(.data)
    part2_instrumentIndex                    0x20000550   Data           4  player.o(.data)
    part2_index                              0x20000554   Data           4  player.o(.data)
    part2_stepsRemaining                     0x20000558   Data           4  player.o(.data)
    part2_OutValue                           0x2000055c   Data           4  player.o(.data)
    part2_StepsPerEnvelope                   0x20000560   Data           4  player.o(.data)
    part2_EnvelopeStepCount                  0x20000564   Data           4  player.o(.data)
    part2_EnvelopeIndex                      0x20000568   Data           4  player.o(.data)
    TouchTaskPB3                             0x20000578   Data           4  switch.o(.data)
    TouchTaskPC6                             0x2000057c   Data           4  switch.o(.data)
    TouchTaskPF4                             0x20000580   Data           4  switch.o(.data)
    ReleaseTaskPB3                           0x20000584   Data           4  switch.o(.data)
    ReleaseTaskPC6                           0x20000588   Data           4  switch.o(.data)
    ReleaseTaskPF4                           0x2000058c   Data           4  switch.o(.data)
    part0                                    0x20000590   Data        3072  player.o(.bss)
    part1                                    0x20001190   Data        3072  player.o(.bss)
    part2                                    0x20001d90   Data        3072  player.o(.bss)
    __libspace_start                         0x20002990   Data          96  libspace.o(.bss)
    __temporary_stack_top$libspace           0x200029f0   Data           0  libspace.o(.bss)



==============================================================================

Memory Map of the image

  Image Entry point : 0x0000026d

  Load Region LR_1 (Base: 0x00000000, Size: 0x000039d0, Max: 0xffffffff, ABSOLUTE, COMPRESSED[0x000034c8])

    Execution Region ER_RO (Base: 0x00000000, Size: 0x00003440, Max: 0xffffffff, ABSOLUTE)

    Base Addr    Size         Type   Attr      Idx    E Section Name        Object

    0x00000000   0x00000294   Code   RO            3  * RESET               startup.o
    0x00000294   0x00000008   Code   RO          330  * !!!main             c_w.l(__main.o)
    0x0000029c   0x00000034   Code   RO          517    !!!scatter          c_w.l(__scatter.o)
    0x000002d0   0x0000005a   Code   RO          515    !!dczerorl2         c_w.l(__dczerorl2.o)
    0x0000032a   0x00000002   PAD
    0x0000032c   0x0000001c   Code   RO          519    !!handler_zi        c_w.l(__scatter_zi.o)
    0x00000348   0x00000002   Code   RO          388    .ARM.Collect$$libinit$$00000000  c_w.l(libinit.o)
    0x0000034a   0x00000000   Code   RO          395    .ARM.Collect$$libinit$$00000002  c_w.l(libinit2.o)
    0x0000034a   0x00000000   Code   RO          398    .ARM.Collect$$libinit$$00000008  c_w.l(libinit2.o)
    0x0000034a   0x00000000   Code   RO          400    .ARM.Collect$$libinit$$0000000A  c_w.l(libinit2.o)
    0x0000034a   0x00000000   Code   RO          402    .ARM.Collect$$libinit$$0000000C  c_w.l(libinit2.o)
    0x0000034a   0x00000000   Code   RO          405    .ARM.Collect$$libinit$$0000000F  c_w.l(libinit2.o)
    0x0000034a   0x00000000   Code   RO          407    .ARM.Collect$$libinit$$00000011  c_w.l(libinit2.o)
    0x0000034a   0x00000000   Code   RO          409    .ARM.Collect$$libinit$$00000013  c_w.l(libinit2.o)
    0x0000034a   0x00000000   Code   RO          411    .ARM.Collect$$libinit$$00000015  c_w.l(libinit2.o)
    0x0000034a   0x00000000   Code   RO          413    .ARM.Collect$$libinit$$00000017  c_w.l(libinit2.o)
    0x0000034a   0x00000000   Code   RO          415    .ARM.Collect$$libinit$$00000019  c_w.l(libinit2.o)
    0x0000034a   0x00000000   Code   RO          417    .ARM.Collect$$libinit$$0000001B  c_w.l(libinit2.o)
    0x0000034a   0x00000000   Code   RO          419    .ARM.Collect$$libinit$$0000001D  c_w.l(libinit2.o)
    0x0000034a   0x00000000   Code   RO          421    .ARM.Collect$$libinit$$0000001F  c_w.l(libinit2.o)
    0x0000034a   0x00000000   Code   RO          423    .ARM.Collect$$libinit$$00000021  c_w.l(libinit2.o)
    0x0000034a   0x00000000   Code   RO          425    .ARM.Collect$$libinit$$00000023  c_w.l(libinit2.o)
    0x0000034a   0x00000000   Code   RO          429    .ARM.Collect$$libinit$$0000002A  c_w.l(libinit2.o)
    0x0000034a   0x00000000   Code   RO          431    .ARM.Collect$$libinit$$0000002C  c_w.l(libinit2.o)
    0x0000034a   0x00000000   Code   RO          433    .ARM.Collect$$libinit$$0000002E  c_w.l(libinit2.o)
    0x0000034a   0x00000000   Code   RO          435    .ARM.Collect$$libinit$$00000030  c_w.l(libinit2.o)
    0x0000034a   0x00000002   Code   RO          436    .ARM.Collect$$libinit$$00000031  c_w.l(libinit2.o)
    0x0000034c   0x00000002   Code   RO          456    .ARM.Collect$$libshutdown$$00000000  c_w.l(libshutdown.o)
    0x0000034e   0x00000000   Code   RO          470    .ARM.Collect$$libshutdown$$00000003  c_w.l(libshutdown2.o)
    0x0000034e   0x00000000   Code   RO          473    .ARM.Collect$$libshutdown$$00000006  c_w.l(libshutdown2.o)
    0x0000034e   0x00000000   Code   RO          476    .ARM.Collect$$libshutdown$$00000009  c_w.l(libshutdown2.o)
    0x0000034e   0x00000000   Code   RO          478    .ARM.Collect$$libshutdown$$0000000B  c_w.l(libshutdown2.o)
    0x0000034e   0x00000000   Code   RO          481    .ARM.Collect$$libshutdown$$0000000E  c_w.l(libshutdown2.o)
    0x0000034e   0x00000002   Code   RO          482    .ARM.Collect$$libshutdown$$0000000F  c_w.l(libshutdown2.o)
    0x00000350   0x00000000   Code   RO          354    .ARM.Collect$$rtentry$$00000000  c_w.l(rtentry.o)
    0x00000350   0x00000000   Code   RO          365    .ARM.Collect$$rtentry$$00000002  c_w.l(rtentry2.o)
    0x00000350   0x00000006   Code   RO          377    .ARM.Collect$$rtentry$$00000004  c_w.l(rtentry4.o)
    0x00000356   0x00000000   Code   RO          367    .ARM.Collect$$rtentry$$00000009  c_w.l(rtentry2.o)
    0x00000356   0x00000004   Code   RO          368    .ARM.Collect$$rtentry$$0000000A  c_w.l(rtentry2.o)
    0x0000035a   0x00000000   Code   RO          370    .ARM.Collect$$rtentry$$0000000C  c_w.l(rtentry2.o)
    0x0000035a   0x00000008   Code   RO          371    .ARM.Collect$$rtentry$$0000000D  c_w.l(rtentry2.o)
    0x00000362   0x00000002   Code   RO          392    .ARM.Collect$$rtexit$$00000000  c_w.l(rtexit.o)
    0x00000364   0x00000000   Code   RO          438    .ARM.Collect$$rtexit$$00000002  c_w.l(rtexit2.o)
    0x00000364   0x00000004   Code   RO          439    .ARM.Collect$$rtexit$$00000003  c_w.l(rtexit2.o)
    0x00000368   0x00000006   Code   RO          440    .ARM.Collect$$rtexit$$00000004  c_w.l(rtexit2.o)
    0x0000036e   0x00000002   PAD
    0x00000370   0x00000030   Code   RO            4    .text               startup.o
    0x000003a0   0x00000006   Code   RO          328    .text               c_w.l(heapauxi.o)
    0x000003a6   0x0000004a   Code   RO          379    .text               c_w.l(sys_stackheap_outer.o)
    0x000003f0   0x0000000c   Code   RO          381    .text               c_w.l(exit.o)
    0x000003fc   0x00000008   Code   RO          389    .text               c_w.l(libspace.o)
    0x00000404   0x0000000c   Code   RO          448    .text               c_w.l(sys_exit.o)
    0x00000410   0x00000002   Code   RO          459    .text               c_w.l(use_no_semi.o)
    0x00000412   0x00000000   Code   RO          461    .text               c_w.l(indicate_semi.o)
    0x00000412   0x00000002   PAD
    0x00000414   0x000000a4   Code   RO           40    i.DAC_Init          dac.o
    0x000004b8   0x00000018   Code   RO           42    i.DAC_Out           dac.o
    0x000004d0   0x0000002c   Code   RO          127    i.FindInstrumentArray  player.o
    0x000004fc   0x0000003c   Code   RO          222    i.GPIOPB3Arm        switch.o
    0x00000538   0x0000003c   Code   RO          223    i.GPIOPC6Arm        switch.o
    0x00000574   0x0000003c   Code   RO          224    i.GPIOPF4Arm        switch.o
    0x000005b0   0x00000054   Code   RO          225    i.GPIOPortB_Handler  switch.o
    0x00000604   0x00000054   Code   RO          226    i.GPIOPortC_Handler  switch.o
    0x00000658   0x00000054   Code   RO          227    i.GPIOPortF_Handler  switch.o
    0x000006ac   0x000002fc   Code   RO           91    i.MakeMusic         newmusic.o
    0x000009a8   0x00000002   Code   RO          228    i.NullTask          switch.o
    0x000009aa   0x00000002   PAD
    0x000009ac   0x0000007c   Code   RO           79    i.PLL_Init          pll.o
    0x00000a28   0x00000074   Code   RO           92    i.Part_Init         newmusic.o
    0x00000a9c   0x000000a4   Code   RO          128    i.PendSV_Handler    player.o
    0x00000b40   0x00000070   Code   RO          129    i.Player_ChangeVolume  player.o
    0x00000bb0   0x00000148   Code   RO          130    i.Player_Init       player.o
    0x00000cf8   0x00000044   Code   RO          131    i.Player_Pause      player.o
    0x00000d3c   0x00000110   Code   RO          132    i.Player_Restart    player.o
    0x00000e4c   0x00000074   Code   RO          210    i.PortB_Init        debug.o
    0x00000ec0   0x00000054   Code   RO          229    i.Switch_AssignTask  switch.o
    0x00000f14   0x00000208   Code   RO          230    i.Switch_Init       switch.o
    0x0000111c   0x00000018   Code   RO          296    i.SysTick_Init      systick.o
    0x00001134   0x00000020   Code   RO          297    i.SysTick_Wait      systick.o
    0x00001154   0x0000001c   Code   RO          298    i.SysTick_Wait10ms  systick.o
    0x00001170   0x0000018c   Code   RO          133    i.Timer0A_Handler   player.o
    0x000012fc   0x00000068   Code   RO          134    i.Timer0A_Init      player.o
    0x00001364   0x0000018c   Code   RO          135    i.Timer1A_Handler   player.o
    0x000014f0   0x00000068   Code   RO          136    i.Timer1A_Init      player.o
    0x00001558   0x0000019c   Code   RO          137    i.Timer2A_Handler   player.o
    0x000016f4   0x00000068   Code   RO          138    i.Timer2A_Init      player.o
    0x0000175c   0x00000040   Code   RO           93    i.durationFinder    newmusic.o
    0x0000179c   0x00000584   Code   RO           94    i.freqFinder        newmusic.o
    0x00001d20   0x00000054   Code   RO           12    i.main              main.o
    0x00001d74   0x00000062   Code   RO          332    x$fpl$d2f           fz_ws.l(d2f.o)
    0x00001dd6   0x00000002   PAD
    0x00001dd8   0x00000154   Code   RO          334    x$fpl$dmul          fz_ws.l(dmul.o)
    0x00001f2c   0x0000009c   Code   RO          355    x$fpl$dnaninf       fz_ws.l(dnaninf.o)
    0x00001fc8   0x0000000c   Code   RO          357    x$fpl$dretinf       fz_ws.l(dretinf.o)
    0x00001fd4   0x00000056   Code   RO          336    x$fpl$f2d           fz_ws.l(f2d.o)
    0x0000202a   0x00000002   PAD
    0x0000202c   0x00000184   Code   RO          339    x$fpl$fdiv          fz_ws.l(fdiv.o)
    0x000021b0   0x00000036   Code   RO          342    x$fpl$ffix          fz_ws.l(ffix.o)
    0x000021e6   0x00000002   PAD
    0x000021e8   0x00000030   Code   RO          347    x$fpl$fflt          fz_ws.l(fflt_clz.o)
    0x00002218   0x00000102   Code   RO          352    x$fpl$fmul          fz_ws.l(fmul.o)
    0x0000231a   0x0000008c   Code   RO          359    x$fpl$fnaninf       fz_ws.l(fnaninf.o)
    0x000023a6   0x0000000a   Code   RO          361    x$fpl$fretinf       fz_ws.l(fretinf.o)
    0x000023b0   0x00000000   Code   RO          363    x$fpl$usenofp       fz_ws.l(usenofp.o)
    0x000023b0   0x00001070   Data   RO          140    .constdata          player.o
    0x00003420   0x00000020   Data   RO          513    Region$$Table       anon$$obj.o


    Execution Region ER_RW (Base: 0x20000000, Size: 0x00000590, Max: 0xffffffff, ABSOLUTE, COMPRESSED[0x00000088])

    Base Addr    Size         Type   Attr      Idx    E Section Name        Object

    0x20000000   0x0000000c   Data   RW           95    .data               newmusic.o
    0x2000000c   0x00000560   Data   RW          141    .data               player.o
    0x2000056c   0x00000024   Data   RW          231    .data               switch.o


    Execution Region ER_ZI (Base: 0x20000590, Size: 0x00002860, Max: 0xffffffff, ABSOLUTE)

    Base Addr    Size         Type   Attr      Idx    E Section Name        Object

    0x20000590   0x00002400   Zero   RW          139    .bss                player.o
    0x20002990   0x00000060   Zero   RW          390    .bss                c_w.l(libspace.o)
    0x200029f0   0x00000000   Zero   RW            2    HEAP                startup.o
    0x200029f0   0x00000400   Zero   RW            1    STACK               startup.o


==============================================================================

Image component sizes


      Code (inc. data)   RO Data    RW Data    ZI Data      Debug   Object Name

       188         34          0          0          0        769   dac.o
       116         28          0          0          0        413   debug.o
        84         14          0          0          0       4599   main.o
      2356        910          0         12          0       5867   newmusic.o
      2504        474       4208       1376       9216       8651   player.o
       124          6          0          0          0        399   pll.o
       708        632          0          0       1024        880   startup.o
      1038        200          0         36          0       5148   switch.o
        84          6          0          0          0       1669   systick.o

    ----------------------------------------------------------------------
      7204       2304       4240       1424      10240      28395   Object Totals
         0          0         32          0          0          0   (incl. Generated)
         2          0          0          0          0          0   (incl. Padding)

    ----------------------------------------------------------------------

      Code (inc. data)   RO Data    RW Data    ZI Data      Debug   Library Member Name

        90          0          0          0          0          0   __dczerorl2.o
         8          0          0          0          0         68   __main.o
        52          8          0          0          0          0   __scatter.o
        28          0          0          0          0          0   __scatter_zi.o
        12          0          0          0          0         72   exit.o
         6          0          0          0          0        152   heapauxi.o
         0          0          0          0          0          0   indicate_semi.o
         2          0          0          0          0          0   libinit.o
         2          0          0          0          0          0   libinit2.o
         2          0          0          0          0          0   libshutdown.o
         2          0          0          0          0          0   libshutdown2.o
         8          4          0          0         96         68   libspace.o
         0          0          0          0          0          0   rtentry.o
        12          0          0          0          0          0   rtentry2.o
         6          0          0          0          0          0   rtentry4.o
         2          0          0          0          0          0   rtexit.o
        10          0          0          0          0          0   rtexit2.o
        12          4          0          0          0         68   sys_exit.o
        74          0          0          0          0         80   sys_stackheap_outer.o
         2          0          0          0          0         68   use_no_semi.o
        98          4          0          0          0         92   d2f.o
       340         12          0          0          0        104   dmul.o
       156          4          0          0          0         92   dnaninf.o
        12          0          0          0          0         68   dretinf.o
        86          4          0          0          0         84   f2d.o
       388         76          0          0          0         96   fdiv.o
        54          4          0          0          0         84   ffix.o
        48          0          0          0          0         68   fflt_clz.o
       258          4          0          0          0         84   fmul.o
       140          4          0          0          0         84   fnaninf.o
        10          0          0          0          0         68   fretinf.o
         0          0          0          0          0          0   usenofp.o

    ----------------------------------------------------------------------
      1932        128          0          0         96       1500   Library Totals
        12          0          0          0          0          0   (incl. Padding)

    ----------------------------------------------------------------------

      Code (inc. data)   RO Data    RW Data    ZI Data      Debug   Library Name

       330         16          0          0         96        576   c_w.l
      1590        112          0          0          0        924   fz_ws.l

    ----------------------------------------------------------------------
      1932        128          0          0         96       1500   Library Totals

    ----------------------------------------------------------------------

==============================================================================


      Code (inc. data)   RO Data    RW Data    ZI Data      Debug   

      9136       2432       4240       1424      10336      27451   Grand Totals
      9136       2432       4240        136      10336      27451   ELF Image Totals (compressed)
      9136       2432       4240        136          0          0   ROM Totals

==============================================================================

    Total RO  Size (Code + RO Data)                13376 (  13.06kB)
    Total RW  Size (RW Data + ZI Data)             11760 (  11.48kB)
    Total ROM Size (Code + RO Data + RW Data)      13512 (  13.20kB)

==============================================================================

